// Jest Snapshot v1, https://goo.gl/fbAQLP

exports[`[Component]: Header Should render correctly 1`] = `
<div>
  <h1
    class="sc-bdfBwQ eOkkmM"
    data-testid="header"
  >
    test
  </h1>
</div>
`;
