// Jest Snapshot v1, https://goo.gl/fbAQLP

exports[`[Component]: Button Should render correctly 1`] = `
<div>
  <button
    class="sc-bdfBwQ jIiGPx"
    data-testid="button"
  >
    test
  </button>
</div>
`;
